ARM GAS  /tmp/cchYx2h2.s 			page 1


   1              		.cpu cortex-m3
   2              		.eabi_attribute 20, 1	@ Tag_ABI_FP_denormal
   3              		.eabi_attribute 21, 1	@ Tag_ABI_FP_exceptions
   4              		.eabi_attribute 23, 3	@ Tag_ABI_FP_number_model
   5              		.eabi_attribute 24, 1	@ Tag_ABI_align8_needed
   6              		.eabi_attribute 25, 1	@ Tag_ABI_align8_preserved
   7              		.eabi_attribute 26, 1	@ Tag_ABI_enum_size
   8              		.eabi_attribute 30, 4	@ Tag_ABI_optimization_goals
   9              		.eabi_attribute 34, 1	@ Tag_CPU_unaligned_access
  10              		.eabi_attribute 18, 4	@ Tag_ABI_PCS_wchar_t
  11              		.file	"croutine.c"
  12              	@ GNU C17 (15:9-2019-q4-0ubuntu1) version 9.2.1 20191025 (release) [ARM/arm-9-branch revision 27759
  13              	@	compiled by GNU C version 9.2.1 20200306, GMP version 6.2.0, MPFR version 4.0.2, MPC version 1.1.
  14              	
  15              	@ GGC heuristics: --param ggc-min-expand=100 --param ggc-min-heapsize=131072
  16              	@ options passed:  -I . -I ./src -I ./lib/freertos/include
  17              	@ -I ./lib/freertos/portable/GCC/ARM_CM3 -imultilib thumb/v7-m/nofp
  18              	@ -D__USES_INITFINI__ -D RUN_FROM_FLASH=1 lib/freertos/croutine.c
  19              	@ -mcpu=cortex-m3 -mthumb -mfloat-abi=soft -march=armv7-m
  20              	@ -auxbase-strip lib/freertos/croutine.o -g -gdwarf-2 -Os -Wall
  21              	@ -fomit-frame-pointer -fverbose-asm
  22              	@ options enabled:  -faggressive-loop-optimizations -fassume-phsa
  23              	@ -fauto-inc-dec -fbranch-count-reg -fcaller-saves -fcode-hoisting
  24              	@ -fcombine-stack-adjustments -fcommon -fcompare-elim -fcprop-registers
  25              	@ -fcrossjumping -fcse-follow-jumps -fdefer-pop
  26              	@ -fdelete-null-pointer-checks -fdevirtualize -fdevirtualize-speculatively
  27              	@ -fdwarf2-cfi-asm -fearly-inlining -feliminate-unused-debug-types
  28              	@ -fexpensive-optimizations -fforward-propagate -ffp-int-builtin-inexact
  29              	@ -ffunction-cse -fgcse -fgcse-lm -fgnu-runtime -fgnu-unique
  30              	@ -fguess-branch-probability -fhoist-adjacent-loads -fident -fif-conversion
  31              	@ -fif-conversion2 -findirect-inlining -finline -finline-atomics
  32              	@ -finline-functions -finline-functions-called-once
  33              	@ -finline-small-functions -fipa-bit-cp -fipa-cp -fipa-icf
  34              	@ -fipa-icf-functions -fipa-icf-variables -fipa-profile -fipa-pure-const
  35              	@ -fipa-ra -fipa-reference -fipa-reference-addressable -fipa-sra
  36              	@ -fipa-stack-alignment -fipa-vrp -fira-hoist-pressure
  37              	@ -fira-share-save-slots -fira-share-spill-slots
  38              	@ -fisolate-erroneous-paths-dereference -fivopts -fkeep-static-consts
  39              	@ -fleading-underscore -flifetime-dse -flra-remat -flto-odr-type-merging
  40              	@ -fmath-errno -fmerge-constants -fmerge-debug-strings
  41              	@ -fmove-loop-invariants -fomit-frame-pointer -foptimize-sibling-calls
  42              	@ -fpartial-inlining -fpeephole -fpeephole2 -fplt -fprefetch-loop-arrays
  43              	@ -freg-struct-return -freorder-blocks -freorder-functions
  44              	@ -frerun-cse-after-loop -fsched-critical-path-heuristic
  45              	@ -fsched-dep-count-heuristic -fsched-group-heuristic -fsched-interblock
  46              	@ -fsched-last-insn-heuristic -fsched-pressure -fsched-rank-heuristic
  47              	@ -fsched-spec -fsched-spec-insn-heuristic -fsched-stalled-insns-dep
  48              	@ -fschedule-insns2 -fsection-anchors -fsemantic-interposition
  49              	@ -fshow-column -fshrink-wrap-separate -fsigned-zeros
  50              	@ -fsplit-ivs-in-unroller -fsplit-wide-types -fssa-backprop -fssa-phiopt
  51              	@ -fstdarg-opt -fstore-merging -fstrict-aliasing
  52              	@ -fstrict-volatile-bitfields -fsync-libcalls -fthread-jumps
  53              	@ -ftoplevel-reorder -ftrapping-math -ftree-bit-ccp -ftree-builtin-call-dce
  54              	@ -ftree-ccp -ftree-ch -ftree-coalesce-vars -ftree-copy-prop -ftree-cselim
  55              	@ -ftree-dce -ftree-dominator-opts -ftree-dse -ftree-forwprop -ftree-fre
  56              	@ -ftree-loop-if-convert -ftree-loop-im -ftree-loop-ivcanon
  57              	@ -ftree-loop-optimize -ftree-parallelize-loops= -ftree-phiprop -ftree-pre
ARM GAS  /tmp/cchYx2h2.s 			page 2


  58              	@ -ftree-pta -ftree-reassoc -ftree-scev-cprop -ftree-sink -ftree-slsr
  59              	@ -ftree-sra -ftree-switch-conversion -ftree-tail-merge -ftree-ter
  60              	@ -ftree-vrp -funit-at-a-time -fvar-tracking -fvar-tracking-assignments
  61              	@ -fverbose-asm -fzero-initialized-in-bss -masm-syntax-unified -mbe32
  62              	@ -mfix-cortex-m3-ldrd -mlittle-endian -mpic-data-is-text-relative
  63              	@ -msched-prolog -mthumb -munaligned-access -mvectorize-with-neon-quad
  64              	
  65              		.text
  66              	.Ltext0:
  67              		.cfi_sections	.debug_frame
  68              	.Letext0:
  69              		.section	.debug_info,"",%progbits
  70              	.Ldebug_info0:
  71 0000 6E000000 		.4byte	0x6e
  72 0004 0200     		.2byte	0x2
  73 0006 00000000 		.4byte	.Ldebug_abbrev0
  74 000a 04       		.byte	0x4
  75 000b 01       		.uleb128 0x1
  76 000c 45000000 		.4byte	.LASF11
  77 0010 0C       		.byte	0xc
  78 0011 FF000000 		.4byte	.LASF12
  79 0015 00000000 		.4byte	.LASF13
  80 0019 00000000 		.4byte	.Ldebug_line0
  81 001d 02       		.uleb128 0x2
  82 001e 04       		.byte	0x4
  83 001f 05       		.byte	0x5
  84 0020 696E7400 		.ascii	"int\000"
  85 0024 03       		.uleb128 0x3
  86 0025 04       		.byte	0x4
  87 0026 07       		.byte	0x7
  88 0027 26000000 		.4byte	.LASF0
  89 002b 03       		.uleb128 0x3
  90 002c 08       		.byte	0x8
  91 002d 05       		.byte	0x5
  92 002e 67010000 		.4byte	.LASF1
  93 0032 03       		.uleb128 0x3
  94 0033 08       		.byte	0x8
  95 0034 04       		.byte	0x4
  96 0035 F3000000 		.4byte	.LASF2
  97 0039 03       		.uleb128 0x3
  98 003a 01       		.byte	0x1
  99 003b 06       		.byte	0x6
 100 003c E7000000 		.4byte	.LASF3
 101 0040 03       		.uleb128 0x3
 102 0041 02       		.byte	0x2
 103 0042 05       		.byte	0x5
 104 0043 17010000 		.4byte	.LASF4
 105 0047 03       		.uleb128 0x3
 106 0048 04       		.byte	0x4
 107 0049 05       		.byte	0x5
 108 004a 46010000 		.4byte	.LASF5
 109 004e 03       		.uleb128 0x3
 110 004f 01       		.byte	0x1
 111 0050 08       		.byte	0x8
 112 0051 38010000 		.4byte	.LASF6
 113 0055 03       		.uleb128 0x3
 114 0056 02       		.byte	0x2
ARM GAS  /tmp/cchYx2h2.s 			page 3


 115 0057 07       		.byte	0x7
 116 0058 54010000 		.4byte	.LASF7
 117 005c 03       		.uleb128 0x3
 118 005d 04       		.byte	0x4
 119 005e 07       		.byte	0x7
 120 005f 33000000 		.4byte	.LASF8
 121 0063 03       		.uleb128 0x3
 122 0064 08       		.byte	0x8
 123 0065 07       		.byte	0x7
 124 0066 21010000 		.4byte	.LASF9
 125 006a 03       		.uleb128 0x3
 126 006b 01       		.byte	0x1
 127 006c 08       		.byte	0x8
 128 006d 4F010000 		.4byte	.LASF10
 129 0071 00       		.byte	0
 130              		.section	.debug_abbrev,"",%progbits
 131              	.Ldebug_abbrev0:
 132 0000 01       		.uleb128 0x1
 133 0001 11       		.uleb128 0x11
 134 0002 01       		.byte	0x1
 135 0003 25       		.uleb128 0x25
 136 0004 0E       		.uleb128 0xe
 137 0005 13       		.uleb128 0x13
 138 0006 0B       		.uleb128 0xb
 139 0007 03       		.uleb128 0x3
 140 0008 0E       		.uleb128 0xe
 141 0009 1B       		.uleb128 0x1b
 142 000a 0E       		.uleb128 0xe
 143 000b 10       		.uleb128 0x10
 144 000c 06       		.uleb128 0x6
 145 000d 00       		.byte	0
 146 000e 00       		.byte	0
 147 000f 02       		.uleb128 0x2
 148 0010 24       		.uleb128 0x24
 149 0011 00       		.byte	0
 150 0012 0B       		.uleb128 0xb
 151 0013 0B       		.uleb128 0xb
 152 0014 3E       		.uleb128 0x3e
 153 0015 0B       		.uleb128 0xb
 154 0016 03       		.uleb128 0x3
 155 0017 08       		.uleb128 0x8
 156 0018 00       		.byte	0
 157 0019 00       		.byte	0
 158 001a 03       		.uleb128 0x3
 159 001b 24       		.uleb128 0x24
 160 001c 00       		.byte	0
 161 001d 0B       		.uleb128 0xb
 162 001e 0B       		.uleb128 0xb
 163 001f 3E       		.uleb128 0x3e
 164 0020 0B       		.uleb128 0xb
 165 0021 03       		.uleb128 0x3
 166 0022 0E       		.uleb128 0xe
 167 0023 00       		.byte	0
 168 0024 00       		.byte	0
 169 0025 00       		.byte	0
 170              		.section	.debug_aranges,"",%progbits
 171 0000 14000000 		.4byte	0x14
ARM GAS  /tmp/cchYx2h2.s 			page 4


 172 0004 0200     		.2byte	0x2
 173 0006 00000000 		.4byte	.Ldebug_info0
 174 000a 04       		.byte	0x4
 175 000b 00       		.byte	0
 176 000c 0000     		.2byte	0
 177 000e 0000     		.2byte	0
 178 0010 00000000 		.4byte	0
 179 0014 00000000 		.4byte	0
 180              		.section	.debug_line,"",%progbits
 181              	.Ldebug_line0:
 182 0000 19000000 		.section	.debug_str,"MS",%progbits,1
 182      03001300 
 182      00000201 
 182      FB0E0D00 
 182      01010101 
 183              	.LASF13:
 184 0000 2F686F6D 		.ascii	"/home/noah/WorkPlace/FlightController\000"
 184      652F6E6F 
 184      61682F57 
 184      6F726B50 
 184      6C616365 
 185              	.LASF0:
 186 0026 756E7369 		.ascii	"unsigned int\000"
 186      676E6564 
 186      20696E74 
 186      00
 187              	.LASF8:
 188 0033 6C6F6E67 		.ascii	"long unsigned int\000"
 188      20756E73 
 188      69676E65 
 188      6420696E 
 188      7400
 189              	.LASF11:
 190 0045 474E5520 		.ascii	"GNU C17 9.2.1 20191025 (release) [ARM/arm-9-branch "
 190      43313720 
 190      392E322E 
 190      31203230 
 190      31393130 
 191 0078 72657669 		.ascii	"revision 277599] -mcpu=cortex-m3 -mthumb -mfloat-ab"
 191      73696F6E 
 191      20323737 
 191      3539395D 
 191      202D6D63 
 192 00ab 693D736F 		.ascii	"i=soft -march=armv7-m -g -gdwarf-2 -Os -fomit-frame"
 192      6674202D 
 192      6D617263 
 192      683D6172 
 192      6D76372D 
 193 00de 2D706F69 		.ascii	"-pointer\000"
 193      6E746572 
 193      00
 194              	.LASF3:
 195 00e7 7369676E 		.ascii	"signed char\000"
 195      65642063 
 195      68617200 
 196              	.LASF2:
 197 00f3 6C6F6E67 		.ascii	"long double\000"
ARM GAS  /tmp/cchYx2h2.s 			page 5


 197      20646F75 
 197      626C6500 
 198              	.LASF12:
 199 00ff 6C69622F 		.ascii	"lib/freertos/croutine.c\000"
 199      66726565 
 199      72746F73 
 199      2F63726F 
 199      7574696E 
 200              	.LASF4:
 201 0117 73686F72 		.ascii	"short int\000"
 201      7420696E 
 201      7400
 202              	.LASF9:
 203 0121 6C6F6E67 		.ascii	"long long unsigned int\000"
 203      206C6F6E 
 203      6720756E 
 203      7369676E 
 203      65642069 
 204              	.LASF6:
 205 0138 756E7369 		.ascii	"unsigned char\000"
 205      676E6564 
 205      20636861 
 205      7200
 206              	.LASF5:
 207 0146 6C6F6E67 		.ascii	"long int\000"
 207      20696E74 
 207      00
 208              	.LASF10:
 209 014f 63686172 		.ascii	"char\000"
 209      00
 210              	.LASF7:
 211 0154 73686F72 		.ascii	"short unsigned int\000"
 211      7420756E 
 211      7369676E 
 211      65642069 
 211      6E7400
 212              	.LASF1:
 213 0167 6C6F6E67 		.ascii	"long long int\000"
 213      206C6F6E 
 213      6720696E 
 213      7400
 214              		.ident	"GCC: (15:9-2019-q4-0ubuntu1) 9.2.1 20191025 (release) [ARM/arm-9-branch revision 277599]"
ARM GAS  /tmp/cchYx2h2.s 			page 6


DEFINED SYMBOLS
                            *ABS*:0000000000000000 croutine.c

NO UNDEFINED SYMBOLS
